#-----------------------------------------------------------
# Vivado v2022.2 (64-bit)
# SW Build 3671981 on Fri Oct 14 05:00:03 MDT 2022
# IP Build 3669848 on Fri Oct 14 08:30:02 MDT 2022
# Start of session at: Tue Mar 26 19:37:47 2024
# Process ID: 8876
# Current directory: C:/Users/Calypso/Documents/- - - UIUC Academics/Spring 2024/ECE 385/Lab 7/ECE385_Lab7.1/ECE385_Lab7.1.runs/Lab7MicroBlaze_rst_clk_wiz_1_100M_0_synth_1
# Command line: vivado.exe -log Lab7MicroBlaze_rst_clk_wiz_1_100M_0.vds -product Vivado -mode batch -messageDb vivado.pb -notrace -source Lab7MicroBlaze_rst_clk_wiz_1_100M_0.tcl
# Log file: C:/Users/Calypso/Documents/- - - UIUC Academics/Spring 2024/ECE 385/Lab 7/ECE385_Lab7.1/ECE385_Lab7.1.runs/Lab7MicroBlaze_rst_clk_wiz_1_100M_0_synth_1/Lab7MicroBlaze_rst_clk_wiz_1_100M_0.vds
# Journal file: C:/Users/Calypso/Documents/- - - UIUC Academics/Spring 2024/ECE 385/Lab 7/ECE385_Lab7.1/ECE385_Lab7.1.runs/Lab7MicroBlaze_rst_clk_wiz_1_100M_0_synth_1\vivado.jou
# Running On: Calypso, OS: Windows, CPU Frequency: 1996 MHz, CPU Physical cores: 4, Host memory: 16048 MB
#-----------------------------------------------------------
source Lab7MicroBlaze_rst_clk_wiz_1_100M_0.tcl -notrace
